// Jest Snapshot v1, https://goo.gl/fbAQLP

exports[`Renders Books without books 1`] = `
<ol
  className="books-grid"
/>
`;
